// Jest Snapshot v1, https://goo.gl/fbAQLP

exports[`Empty renders correctly 1`] = `
.c2 {
  width: 100%;
  min-height: 1px;
  -webkit-flex: 0 0 100%;
  -ms-flex: 0 0 100%;
  flex: 0 0 100%;
  max-width: 100%;
}

.c0 {
  display: -webkit-box;
  display: -webkit-flex;
  display: -ms-flexbox;
  display: flex;
  -webkit-flex-wrap: wrap;
  -ms-flex-wrap: wrap;
  flex-wrap: wrap;
  width: 100%;
}

.c1 {
  margin: 2rem auto;
  padding: 2rem;
}

@media (min-width:62em) {
  .c2 {
    -webkit-flex: 0 0 35%;
    -ms-flex: 0 0 35%;
    flex: 0 0 35%;
    max-width: 35%;
  }
}

<div
  class="c0"
>
  <div
    class="c1 c2"
  >
    <p>
      There are no product matching your requirements.
    </p>
  </div>
</div>
`;
