// Jest Snapshot v1, https://goo.gl/fbAQLP

exports[`Error renders correctly 1`] = `
.c0 {
  background-color: #ff9800;
  color: #fff;
  padding: 1rem;
}

<div
  class="c0"
/>
`;
