// Jest Snapshot v1, https://goo.gl/fbAQLP

exports[`InfoList renders correctly 1`] = `
.c0 {
  list-style: none;
  margin-bottom: 0;
  margin-top: 1rem;
  padding: 0;
}

<ul
  class="c0"
>
  
</ul>
`;
