// Jest Snapshot v1, https://goo.gl/fbAQLP

exports[`<Col /> renders correctly 1`] = `
.c0 {
  min-height: 1px;
  -webkit-flex: 0 0 25%;
  -ms-flex: 0 0 25%;
  flex: 0 0 25%;
  max-width: 25%;
}

@media (min-width:36em) {
  .c0 {
    -webkit-flex: 0 0 50%;
    -ms-flex: 0 0 50%;
    flex: 0 0 50%;
    max-width: 50%;
  }
}

@media (min-width:62em) {
  .c0 {
    -webkit-flex: 0 0 100%;
    -ms-flex: 0 0 100%;
    flex: 0 0 100%;
    max-width: 100%;
  }
}

<div
  class="c0"
>
  
</div>
`;
